OverTheWire
We solve OverTheWire Bandit Challange. Link: https://overthewire.org/wargames/bandit/bandit0.html

First Go to the Problem 0:

then Command it: 

┌──(jubayer㉿kali)-[~]
└─$ ssh badit0@bandit.labs.overthewire.org -p 2220

/// IF IT'S NOT WORK, THEN Command Bellow 

┌──(jubayer㉿kali)-[~]
└─$ ssh -v bandit0@bandit.labs.overthewire.org -p 2220
......................................................
......................................................

bandit0@bandit:~$ ls -alps
total 24
4 drwxr-xr-x  2 root    root    4096 Sep 19 07:08 ./
.........................................................
4 -rw-r-----  1 bandit1 bandit0  438 Sep 19 07:08 readme
bandit0@bandit:~$ cat readme
............................
............................

The password you are looking for is: ZjLjTmM6FvvyRnrb2rfNWOZOTa6ip5If

bandit0@bandit:~$ exit
logout
............................
debug1: Exit status 1
                                                                                
┌──(jubayer㉿kali)-[~]
└─$ ssh -v bandit1@bandit.labs.overthewire.org -p 2220 
.................................................
.................................................

bandit1@bandit:~$ ls -alps
total 24
4 -rw-r-----  1 bandit2 bandit1   33 Sep 19 07:08 -
...................................................

bandit1@bandit:~$ cat ./-
263JGJPfgU6LtdEvgfWU1XP5yac29mFx
bandit1@bandit:~$ exit
logout
.........................
debug1: Exit status 0


┌──(jubayer㉿kali)-[~]
└─$ ssh -v bandit2@bandit.labs.overthewire.org -p 2220

bandit2@bandit:~$ ls -alps
total 24
.................
4 -rw-r-----  1 bandit3 bandit2   33 Sep 19 07:08 spaces in this filename


bandit2@bandit:~$ cat spaces\ in\ this\ filename
MNk8KNH3Usiio41PRUEoDFPqfxLPlSmx
bandit2@bandit:~$ exit
logout
............
debug1: Exit status 0


┌──(jubayer㉿kali)-[~]
└─$ ssh -v bandit3@bandit.labs.overthewire.org -p 2220

bandit3@bandit:~$ ls -apls
total 24
4 drwxr-xr-x  3 root root 4096 Sep 19 07:08 ./
.................................................
4 drwxr-xr-x  2 root root 4096 Sep 19 07:08 inhere/
4 -rw-r--r--  1 root root  807 Mar 31  2024 .profile

bandit3@bandit:~$ cd inhere/
bandit3@bandit:~/inhere$ cat ...Hiding-From-You
2WmrDFRmJIq3IPxneAaMGhap0pFhF3NJ

logout
debug1: Exit status 0
                                                                                
┌──(jubayer㉿kali)-[~]
└─$ ssh -v bandit4@bandit.labs.overthewire.org -p 2220

bandit4@bandit:~$ ls -alps
total 24
4 drwxr-xr-x  3 root root 4096 Sep 19 07:08 ./
..................................................
4 drwxr-xr-x  2 root root 4096 Sep 19 07:08 inhere/
4 -rw-r--r--  1 root root  807 Mar 31  2024 .profile


bandit4@bandit:~$ cd inhere/
bandit4@bandit:~/inhere$ ls
-file00  -file02  -file04  -file06  -file08
-file01  -file03  -file05  -file07  -file09
bandit4@bandit:~/inhere$ find . -type f | xargs file
./-file08: data
./-file02: data
./-file09: data
./-file01: data
./-file00: data
./-file05: data
./-file07: ASCII text
./-file03: data
./-file06: data
./-file04: data
bandit4@bandit:~/inhere$ man xargs

bandit4@bandit:~/inhere$ cat ./-file07
4oQYVPkxZOOEOO5pTW81FB8j8lxXGUQw

logout
debug1: Exit status 0
                                                                                
┌──(jubayer㉿kali)-[~]
└─$ ssh -v bandit5@bandit.labs.overthewire.org -p 2220

bandit5@bandit:~$ ls
inhere
bandit5@bandit:~$ cd inhere/
bandit5@bandit:~/inhere$ find . -type f -size 1033c ! -executable
./maybehere07/.file2
bandit5@bandit:~/inhere$ cat ./maybehere07/.file2
HWasnPhtq9AVKe0dmk45nxy20cvUa6EG
                                                                                                                                                                                                                                                                                                                                                                                                                                                                                                                                                                                                                                                                                                                                                                                                                                                                                                                                                                                                                                        bandit5@bandit:~/inhere$ exit
logout
debug1: Exit status 0
                                                                                
┌──(jubayer㉿kali)-[~]
└─$ ssh -v bandit6@bandit.labs.overthewire.org -p 2220
                                                                                
┌──(jubayer㉿kali)-[~]
└─$ ssh -v bandit6@bandit.labs.overthewire.org -p 2220

bandit6@bandit:~$ find / -type f -user bandit7 -group bandit6 -size 33
find: ‘/drifter/drifter14_src/axTLS’: Permission denied
find: ‘/root’: Permission denied
find: ‘/snap’: Permission denied
find: ‘/tmp’: Permission denied
find: ‘/proc/tty/driver’: Permission denied
find: ‘/proc/2856000/task/2856000/fdinfo/6’: No such file or directory
find: ‘/proc/2856000/fdinfo/5’: No such file or directory
find: ‘/home/bandit31-git’: Permission denied
find: ‘/home/ubuntu’: Permission denied
find: ‘/home/bandit5/inhere’: Permission denied
find: ‘/home/bandit30-git’: Permission denied
find: ‘/home/drifter8/chroot’: Permission denied
find: ‘/home/drifter6/data’: Permission denied
find: ‘/home/bandit29-git’: Permission denied
find: ‘/home/bandit28-git’: Permission denied
find: ‘/home/bandit27-git’: Permission denied
find: ‘/lost+found’: Permission denied
find: ‘/etc/polkit-1/rules.d’: Permission denied
find: ‘/etc/multipath’: Permission denied
find: ‘/etc/stunnel’: Permission denied
find: ‘/etc/xinetd.d’: Permission denied
find: ‘/etc/credstore.encrypted’: Permission denied
find: ‘/etc/ssl/private’: Permission denied
find: ‘/etc/sudoers.d’: Permission denied
find: ‘/etc/credstore’: Permission denied
find: ‘/dev/shm’: Permission denied
find: ‘/dev/mqueue’: Permission denied
find: ‘/var/log/amazon’: Permission denied
find: ‘/var/log/unattended-upgrades’: Permission denied
find: ‘/var/log/chrony’: Permission denied
find: ‘/var/log/private’: Permission denied
find: ‘/var/tmp’: Permission denied
find: ‘/var/spool/cron/crontabs’: Permission denied
find: ‘/var/spool/bandit24’: Permission denied
find: ‘/var/spool/rsyslog’: Permission denied
find: ‘/var/cache/ldconfig’: Permission denied
find: ‘/var/cache/apt/archives/partial’: Permission denied
find: ‘/var/cache/pollinate’: Permission denied
find: ‘/var/cache/private’: Permission denied
find: ‘/var/cache/apparmor/2425d902.0’: Permission denied
find: ‘/var/cache/apparmor/baad73a1.0’: Permission denied
find: ‘/var/lib/polkit-1’: Permission denied
find: ‘/var/lib/amazon’: Permission denied
find: ‘/var/lib/apt/lists/partial’: Permission denied
find: ‘/var/lib/chrony’: Permission denied
find: ‘/var/lib/snapd/void’: Permission denied
find: ‘/var/lib/snapd/cookie’: Permission denied
find: ‘/var/lib/private’: Permission denied
find: ‘/var/lib/ubuntu-advantage/apt-esm/var/lib/apt/lists/partial’: Permission denied
find: ‘/var/lib/update-notifier/package-data-downloads/partial’: Permission denied
find: ‘/var/lib/udisks2’: Permission denied
find: ‘/var/crash’: Permission denied
find: ‘/boot/efi’: Permission denied
find: ‘/boot/lost+found’: Permission denied
find: ‘/sys/kernel/tracing’: Permission denied
find: ‘/sys/kernel/debug’: Permission denied
find: ‘/sys/fs/pstore’: Permission denied
find: ‘/sys/fs/bpf’: Permission denied
find: ‘/run/lock/lvm’: Permission denied
find: ‘/run/systemd/inaccessible/dir’: Permission denied
find: ‘/run/systemd/propagate/systemd-udevd.service’: Permission denied
find: ‘/run/systemd/propagate/systemd-resolved.service’: Permission denied
find: ‘/run/systemd/propagate/systemd-networkd.service’: Permission denied
find: ‘/run/systemd/propagate/irqbalance.service’: Permission denied
find: ‘/run/systemd/propagate/systemd-logind.service’: Permission denied
find: ‘/run/systemd/propagate/chrony.service’: Permission denied
find: ‘/run/systemd/propagate/polkit.service’: Permission denied
find: ‘/run/systemd/propagate/ModemManager.service’: Permission denied
find: ‘/run/systemd/propagate/fwupd.service’: Permission denied
find: ‘/run/lvm’: Permission denied
find: ‘/run/cryptsetup’: Permission denied
find: ‘/run/multipath’: Permission denied
find: ‘/run/screen/S-bandit20’: Permission denied
find: ‘/run/screen/S-bandit21’: Permission denied
find: ‘/run/screen/S-bandit22’: Permission denied
find: ‘/run/screen/S-bandit23’: Permission denied
find: ‘/run/screen/S-bandit33’: Permission denied
find: ‘/run/screen/S-bandit0’: Permission denied
find: ‘/run/sudo’: Permission denied
find: ‘/run/user/11012’: Permission denied
find: ‘/run/user/11016’: Permission denied
find: ‘/run/user/11006/systemd/inaccessible/dir’: Permission denied
find: ‘/run/user/11000’: Permission denied
find: ‘/run/user/11005’: Permission denied
find: ‘/run/user/11009’: Permission denied
find: ‘/run/user/11001’: Permission denied
find: ‘/run/user/11013’: Permission denied
find: ‘/run/user/11020’: Permission denied
find: ‘/run/user/11025’: Permission denied
find: ‘/run/user/11008’: Permission denied
find: ‘/run/user/11007’: Permission denied
find: ‘/run/user/11002’: Permission denied
find: ‘/run/user/11024’: Permission denied
find: ‘/run/user/11032’: Permission denied
find: ‘/run/user/11011’: Permission denied
find: ‘/run/user/11003’: Permission denied
find: ‘/run/user/11014’: Permission denied
find: ‘/run/user/11023’: Permission denied
find: ‘/run/user/8006’: Permission denied
find: ‘/run/user/11010’: Permission denied
find: ‘/run/user/11022’: Permission denied
find: ‘/run/user/11015’: Permission denied
find: ‘/run/user/11029’: Permission denied
find: ‘/run/user/11027’: Permission denied
find: ‘/run/user/11031’: Permission denied
find: ‘/run/user/11017’: Permission denied
find: ‘/run/user/11026’: Permission denied
find: ‘/run/user/11019’: Permission denied
find: ‘/run/user/11021’: Permission denied
find: ‘/run/chrony’: Permission denied
find: ‘/run/udisks2’: Permission denied

bandit6@bandit:~$ cat /var/lib/dpkg/info/bandit7.password
morbNTDkSW6jIlUc0ymOdMaLnOlFVAaj


bandit6@bandit:~$ 
